> Task :app:preBuild UP-TO-DATE
> Task :app:preDebugBuild UP-TO-DATE
> Task :app:mergeDebugNativeDebugMetadata NO-SOURCE
> Task :app:checkKotlinGradlePluginConfigurationErrors SKIPPED
> Task :app:checkDebugAarMetadata UP-TO-DATE
> Task :app:generateDebugResValues UP-TO-DATE
> Task :app:mapDebugSourceSetPaths UP-TO-DATE
> Task :app:generateDebugResources UP-TO-DATE
> Task :app:mergeDebugResources UP-TO-DATE
> Task :app:packageDebugResources UP-TO-DATE
> Task :app:parseDebugLocalResources UP-TO-DATE
> Task :app:createDebugCompatibleScreenManifests UP-TO-DATE
> Task :app:extractDeepLinksDebug UP-TO-DATE
> Task :app:processDebugMainManifest UP-TO-DATE
> Task :app:processDebugManifest UP-TO-DATE
> Task :app:processDebugManifestForPackage UP-TO-DATE
> Task :app:processDebugResources UP-TO-DATE
> Task :app:kspDebugKotlin UP-TO-DATE
> Task :app:javaPreCompileDebug UP-TO-DATE
> Task :app:mergeDebugShaders UP-TO-DATE
> Task :app:compileDebugShaders NO-SOURCE
> Task :app:generateDebugAssets UP-TO-DATE
> Task :app:mergeDebugAssets UP-TO-DATE
> Task :app:compressDebugAssets UP-TO-DATE
> Task :app:desugarDebugFileDependencies UP-TO-DATE
> Task :app:checkDebugDuplicateClasses UP-TO-DATE
> Task :app:mergeExtDexDebug UP-TO-DATE
> Task :app:mergeLibDexDebug UP-TO-DATE
> Task :app:mergeDebugJniLibFolders UP-TO-DATE
> Task :app:mergeDebugNativeLibs UP-TO-DATE
> Task :app:stripDebugDebugSymbols UP-TO-DATE
> Task :app:validateSigningDebug UP-TO-DATE
> Task :app:writeDebugAppMetadata UP-TO-DATE
> Task :app:writeDebugSigningConfigVersions UP-TO-DATE

> Task :app:compileDebugKotlin FAILED
e: file:///Users/tony/ai-app/qiuyou-tennis-app/app/src/main/java/com/qiuyou/tennis/presentation/components/DateSelector.kt:114:33 Unresolved reference 'fillMaxWidth'.
e: file:///Users/tony/ai-app/qiuyou-tennis-app/app/src/main/java/com/qiuyou/tennis/presentation/components/DateSelector.kt:151:57 Unresolved reference 'sp'.
e: file:///Users/tony/ai-app/qiuyou-tennis-app/app/src/main/java/com/qiuyou/tennis/presentation/navigation/TennisNavHost.kt:16:56 Unresolved reference 'CreateActivityScreen'.
e: file:///Users/tony/ai-app/qiuyou-tennis-app/app/src/main/java/com/qiuyou/tennis/presentation/navigation/TennisNavHost.kt:61:13 Unresolved reference 'CreateActivityScreen'.
e: file:///Users/tony/ai-app/qiuyou-tennis-app/app/src/main/java/com/qiuyou/tennis/presentation/screens/activity/ActivityDetailScreen.kt:281:63 Unresolved reference 'nickname'.
e: file:///Users/tony/ai-app/qiuyou-tennis-app/app/src/main/java/com/qiuyou/tennis/presentation/screens/activity/ActivityDetailScreen.kt:286:45 Unresolved reference 'nickname'.
e: file:///Users/tony/ai-app/qiuyou-tennis-app/app/src/main/java/com/qiuyou/tennis/presentation/screens/activity/CreateActivityScreen.kt:7:42 Unresolved reference 'RoundedCornerValue'.
e: file:///Users/tony/ai-app/qiuyou-tennis-app/app/src/main/java/com/qiuyou/tennis/presentation/screens/course/CreateCourseScreen.kt:121:29 None of the following candidates is applicable:
fun Icon(bitmap: ImageBitmap, contentDescription: String?, modifier: Modifier = ..., tint: Color = ...): Unit
fun Icon(painter: Painter, tint: ColorProducer?, contentDescription: String?, modifier: Modifier = ...): Unit
fun Icon(painter: Painter, contentDescription: String?, modifier: Modifier = ..., tint: Color = ...): Unit
fun Icon(imageVector: ImageVector, contentDescription: String?, modifier: Modifier = ..., tint: Color = ...): Unit
e: file:///Users/tony/ai-app/qiuyou-tennis-app/app/src/main/java/com/qiuyou/tennis/presentation/screens/course/CreateCourseScreen.kt:165:25 None of the following candidates is applicable:
fun Icon(bitmap: ImageBitmap, contentDescription: String?, modifier: Modifier = ..., tint: Color = ...): Unit
fun Icon(painter: Painter, tint: ColorProducer?, contentDescription: String?, modifier: Modifier = ...): Unit
fun Icon(painter: Painter, contentDescription: String?, modifier: Modifier = ..., tint: Color = ...): Unit
fun Icon(imageVector: ImageVector, contentDescription: String?, modifier: Modifier = ..., tint: Color = ...): Unit
e: file:///Users/tony/ai-app/qiuyou-tennis-app/app/src/main/java/com/qiuyou/tennis/presentation/screens/main/MainScreen.kt:183:21 Unresolved reference 'CreateOptionItem'.
e: file:///Users/tony/ai-app/qiuyou-tennis-app/app/src/main/java/com/qiuyou/tennis/presentation/screens/main/MainScreen.kt:193:17 Unresolved reference 'CreateOptionItem'.
e: file:///Users/tony/ai-app/qiuyou-tennis-app/app/src/main/java/com/qiuyou/tennis/presentation/screens/main/MainScreen.kt:203:17 Unresolved reference 'CreateOptionItem'.
e: file:///Users/tony/ai-app/qiuyou-tennis-app/app/src/main/java/com/qiuyou/tennis/presentation/screens/profile/EditProfileScreen.kt:33:29 Unresolved reference 'nickname'.
e: file:///Users/tony/ai-app/qiuyou-tennis-app/app/src/main/java/com/qiuyou/tennis/presentation/screens/profile/EditProfileScreen.kt:34:26 Assignment type mismatch: actual type is 'it(kotlin.Comparable<*> & java.io.Serializable)', but 'kotlin.String' was expected.
e: file:///Users/tony/ai-app/qiuyou-tennis-app/app/src/main/java/com/qiuyou/tennis/presentation/screens/profile/ProfileScreen.kt:48:35 Unresolved reference 'Icons'.
e: file:///Users/tony/ai-app/qiuyou-tennis-app/app/src/main/java/com/qiuyou/tennis/presentation/screens/profile/ProfileScreen.kt:56:33 Unresolved reference 'nickname'.
e: file:///Users/tony/ai-app/qiuyou-tennis-app/app/src/main/java/com/qiuyou/tennis/presentation/screens/tournament/CreateTournamentScreen.kt:121:29 None of the following candidates is applicable:
fun Icon(bitmap: ImageBitmap, contentDescription: String?, modifier: Modifier = ..., tint: Color = ...): Unit
fun Icon(painter: Painter, tint: ColorProducer?, contentDescription: String?, modifier: Modifier = ...): Unit
fun Icon(painter: Painter, contentDescription: String?, modifier: Modifier = ..., tint: Color = ...): Unit
fun Icon(imageVector: ImageVector, contentDescription: String?, modifier: Modifier = ..., tint: Color = ...): Unit
e: file:///Users/tony/ai-app/qiuyou-tennis-app/app/src/main/java/com/qiuyou/tennis/presentation/screens/tournament/CreateTournamentScreen.kt:165:25 None of the following candidates is applicable:
fun Icon(bitmap: ImageBitmap, contentDescription: String?, modifier: Modifier = ..., tint: Color = ...): Unit
fun Icon(painter: Painter, tint: ColorProducer?, contentDescription: String?, modifier: Modifier = ...): Unit
fun Icon(painter: Painter, contentDescription: String?, modifier: Modifier = ..., tint: Color = ...): Unit
fun Icon(imageVector: ImageVector, contentDescription: String?, modifier: Modifier = ..., tint: Color = ...): Unit

[Incubating] Problems report is available at: file:///Users/tony/ai-app/qiuyou-tennis-app/build/reports/problems/problems-report.html

FAILURE: Build failed with an exception.

* What went wrong:
Execution failed for task ':app:compileDebugKotlin'.
> A failure occurred while executing org.jetbrains.kotlin.compilerRunner.GradleCompilerRunnerWithWorkers$GradleKotlinCompilerWorkAction
   > Compilation error. See log for more details

* Try:
> Run with --stacktrace option to get the stack trace.
> Run with --info or --debug option to get more log output.
> Run with --scan to generate a Build Scan (powered by Develocity).
> Get more help at https://help.gradle.org.

Deprecated Gradle features were used in this build, making it incompatible with Gradle 10.

You can use '--warning-mode all' to show the individual deprecation warnings and determine if they come from your own scripts or plugins.

For more on this, please refer to https://docs.gradle.org/9.2.1/userguide/command_line_interface.html#sec:command_line_warnings in the Gradle documentation.

BUILD FAILED in 8s
29 actionable tasks: 1 executed, 28 up-to-date
